/Users/subha/Library/Python/3.9/lib/python/site-packages/urllib3/__init__.py:35: NotOpenSSLWarning: urllib3 v2 only supports OpenSSL 1.1.1+, currently the 'ssl' module is compiled with 'LibreSSL 2.8.3'. See: https://github.com/urllib3/urllib3/issues/3020
  warnings.warn(
/Users/subha/Documents/Model training/embedding_training/customer_intent_search/train.py:198: RuntimeWarning: divide by zero encountered in matmul
  sim = embeddings @ embeddings.T  # [N, N]
/Users/subha/Documents/Model training/embedding_training/customer_intent_search/train.py:198: RuntimeWarning: overflow encountered in matmul
  sim = embeddings @ embeddings.T  # [N, N]
/Users/subha/Documents/Model training/embedding_training/customer_intent_search/train.py:198: RuntimeWarning: invalid value encountered in matmul
  sim = embeddings @ embeddings.T  # [N, N]

  Version    : v1
  Models  →  ../models/hn_experiments/v1
  Results →  ../results/hn_experiments/v1

=================================================================
  HN EXPERIMENT: no_hn  (top_k=0)
=================================================================
  Device: cpu
Loading e-commerce intent dataset...
  Trying HuggingFace Hub...
  Source  : HuggingFace Hub (clinc/clinc_oos)
  Intents : 150
  Train   : 7,500 queries
  Val     : 3,000 queries
  Test    : 4,500 queries

  Adjusting batch size: 20 → 150 (= n_intents)

Building tokenizer...
  Vocab size: 3689

Building model...
  Parameters: 872,576

  Pairs/epoch   : 3,750  (dynamic — re-shuffled each epoch)
  Batches/epoch : 25

Training for 15 epochs...
  Epoch | train_loss | train_acc | val_loss | val_acc |   time
  ─────────────────────────────────────────────────────────────────
  Created 3,750 training pairs across 150 intents
  Epoch 01 | train_loss 5.0575 | train_acc 2.3% | val_loss 4.6351 | val_acc 14.8% | time 2.6s
  Epoch 02 | train_loss 4.7282 | train_acc 5.0% | val_loss 3.9851 | val_acc 20.1% | time 2.5s
  Epoch 03 | train_loss 4.0292 | train_acc 13.1% | val_loss 3.0793 | val_acc 33.7% | time 2.4s
  Epoch 04 | train_loss 3.2125 | train_acc 25.5% | val_loss 2.4521 | val_acc 44.5% | time 2.5s
  Epoch 05 | train_loss 2.5341 | train_acc 37.0% | val_loss 2.1197 | val_acc 50.3% | time 2.5s
  Epoch 06 | train_loss 2.0784 | train_acc 45.7% | val_loss 1.8767 | val_acc 54.3% | time 2.5s
  Epoch 07 | train_loss 1.6921 | train_acc 53.0% | val_loss 1.7202 | val_acc 58.7% | time 2.5s
  Epoch 08 | train_loss 1.4570 | train_acc 58.7% | val_loss 1.6394 | val_acc 61.7% | time 2.5s
  Epoch 09 | train_loss 1.2543 | train_acc 63.7% | val_loss 1.5491 | val_acc 63.9% | time 2.5s
  Epoch 10 | train_loss 1.1189 | train_acc 66.9% | val_loss 1.4980 | val_acc 65.3% | time 2.5s
  Epoch 11 | train_loss 1.0118 | train_acc 69.8% | val_loss 1.4556 | val_acc 67.5% | time 2.6s
  Epoch 12 | train_loss 0.9066 | train_acc 73.2% | val_loss 1.4403 | val_acc 68.3% | time 2.5s
  Epoch 13 | train_loss 0.8423 | train_acc 74.1% | val_loss 1.4148 | val_acc 68.9% | time 2.6s
  Epoch 14 | train_loss 0.7812 | train_acc 75.5% | val_loss 1.3987 | val_acc 69.5% | time 2.6s
  Epoch 15 | train_loss 0.7563 | train_acc 76.0% | val_loss 1.3871 | val_acc 69.6% | time 2.4s

  Best val accuracy : 69.6% at epoch 15
  Final loss gap    : 0.6308 (⚠ overfitting)
  Plot      → ../results/hn_experiments/v1/no_hn/training_curves_no_hn.png

  Model     → ../models/hn_experiments/v1/no_hn/model.pt
  Tokenizer → ../models/hn_experiments/v1/no_hn/tokenizer.json
  Config    → ../models/hn_experiments/v1/no_hn/config.json

=================================================================
  HN EXPERIMENT: hn_k=1  (top_k=1)
=================================================================
  Device: cpu
Loading e-commerce intent dataset...
  Trying HuggingFace Hub...
  Source  : HuggingFace Hub (clinc/clinc_oos)
  Intents : 150
  Train   : 7,500 queries
  Val     : 3,000 queries
  Test    : 4,500 queries

  Adjusting batch size: 20 → 150 (= n_intents)

Building tokenizer...
  Vocab size: 3689

Building model...
  Parameters: 872,576

  Pairs/epoch   : 3,750  (dynamic — re-shuffled each epoch)
  Batches/epoch : 25

Training for 15 epochs...
  Hard negatives: top_k=1, start_epoch=4, refresh_every=3
  Epoch | train_loss | train_acc | val_loss | val_acc |   time
  ─────────────────────────────────────────────────────────────────
  Created 3,750 training pairs across 150 intents
  Epoch 01 | train_loss 5.0575 | train_acc 2.3% | val_loss 4.6351 | val_acc 14.8% | time 2.4s
  Epoch 02 | train_loss 4.7282 | train_acc 5.0% | val_loss 3.9851 | val_acc 20.1% | time 2.4s
  Epoch 03 | train_loss 4.0292 | train_acc 13.1% | val_loss 3.0793 | val_acc 33.7% | time 2.3s
  [HN] Mining hard negatives (top_k=1)...
  Epoch 04 | train_loss 3.3004 | train_acc 25.2% | val_loss 2.4448 | val_acc 45.1% | time 3.6s
  Epoch 05 | train_loss 2.6958 | train_acc 36.6% | val_loss 2.0978 | val_acc 51.9% | time 3.7s
  Epoch 06 | train_loss 2.1823 | train_acc 46.6% | val_loss 1.8546 | val_acc 55.5% | time 3.7s
  [HN] Mining hard negatives (top_k=1)...
  Epoch 07 | train_loss 1.9438 | train_acc 53.7% | val_loss 1.7096 | val_acc 59.1% | time 3.6s
  Epoch 08 | train_loss 1.6923 | train_acc 59.4% | val_loss 1.6268 | val_acc 62.1% | time 3.9s
  Epoch 09 | train_loss 1.4843 | train_acc 64.0% | val_loss 1.5290 | val_acc 64.3% | time 3.8s
  [HN] Mining hard negatives (top_k=1)...
  Epoch 10 | train_loss 1.3827 | train_acc 67.1% | val_loss 1.4573 | val_acc 65.6% | time 3.8s
  Epoch 11 | train_loss 1.2513 | train_acc 70.3% | val_loss 1.4253 | val_acc 67.1% | time 3.8s
  Epoch 12 | train_loss 1.1260 | train_acc 73.2% | val_loss 1.4084 | val_acc 67.3% | time 3.7s
  [HN] Mining hard negatives (top_k=1)...
  Epoch 13 | train_loss 1.0798 | train_acc 74.3% | val_loss 1.3882 | val_acc 68.6% | time 3.8s
  Epoch 14 | train_loss 1.0024 | train_acc 76.7% | val_loss 1.3781 | val_acc 69.6% | time 3.7s
  Epoch 15 | train_loss 0.9810 | train_acc 77.5% | val_loss 1.3675 | val_acc 69.8% | time 3.6s

  Best val accuracy : 69.8% at epoch 15
  Final loss gap    : 0.3865 (healthy)
  Plot      → ../results/hn_experiments/v1/hn_k_1/training_curves_hn_k=1.png

  Model     → ../models/hn_experiments/v1/hn_k_1/model.pt
  Tokenizer → ../models/hn_experiments/v1/hn_k_1/tokenizer.json
  Config    → ../models/hn_experiments/v1/hn_k_1/config.json

=================================================================
  HN EXPERIMENT: hn_k=3  (top_k=3)
=================================================================
  Device: cpu
Loading e-commerce intent dataset...
  Trying HuggingFace Hub...
  Source  : HuggingFace Hub (clinc/clinc_oos)
  Intents : 150
  Train   : 7,500 queries
  Val     : 3,000 queries
  Test    : 4,500 queries

  Adjusting batch size: 20 → 150 (= n_intents)

Building tokenizer...
  Vocab size: 3689

Building model...
  Parameters: 872,576

  Pairs/epoch   : 3,750  (dynamic — re-shuffled each epoch)
  Batches/epoch : 25

Training for 15 epochs...
  Hard negatives: top_k=3, start_epoch=4, refresh_every=3
  Epoch | train_loss | train_acc | val_loss | val_acc |   time
  ─────────────────────────────────────────────────────────────────
  Created 3,750 training pairs across 150 intents
  Epoch 01 | train_loss 5.0575 | train_acc 2.3% | val_loss 4.6351 | val_acc 14.8% | time 2.3s
  Epoch 02 | train_loss 4.7282 | train_acc 5.0% | val_loss 3.9851 | val_acc 20.1% | time 2.3s
  Epoch 03 | train_loss 4.0292 | train_acc 13.1% | val_loss 3.0793 | val_acc 33.7% | time 2.3s
  [HN] Mining hard negatives (top_k=3)...
  Epoch 04 | train_loss 3.4106 | train_acc 24.8% | val_loss 2.4659 | val_acc 44.9% | time 6.2s
  Epoch 05 | train_loss 2.8310 | train_acc 36.9% | val_loss 2.0993 | val_acc 50.9% | time 6.2s
  Epoch 06 | train_loss 2.3719 | train_acc 45.5% | val_loss 1.8465 | val_acc 55.1% | time 6.2s
  [HN] Mining hard negatives (top_k=3)...
  Epoch 07 | train_loss 2.1896 | train_acc 53.7% | val_loss 1.6988 | val_acc 58.7% | time 6.3s
  Epoch 08 | train_loss 1.9389 | train_acc 59.0% | val_loss 1.5978 | val_acc 62.5% | time 6.1s
  Epoch 09 | train_loss 1.7229 | train_acc 63.9% | val_loss 1.5162 | val_acc 64.8% | time 6.1s
  [HN] Mining hard negatives (top_k=3)...
  Epoch 10 | train_loss 1.6205 | train_acc 68.0% | val_loss 1.4608 | val_acc 65.9% | time 6.5s
  Epoch 11 | train_loss 1.4801 | train_acc 70.8% | val_loss 1.4255 | val_acc 66.8% | time 6.2s
  Epoch 12 | train_loss 1.3279 | train_acc 74.3% | val_loss 1.4094 | val_acc 67.8% | time 6.2s
  [HN] Mining hard negatives (top_k=3)...
  Epoch 13 | train_loss 1.2896 | train_acc 75.6% | val_loss 1.3821 | val_acc 68.4% | time 6.2s
  Epoch 14 | train_loss 1.2054 | train_acc 77.9% | val_loss 1.3636 | val_acc 69.0% | time 6.1s
  Epoch 15 | train_loss 1.1393 | train_acc 79.3% | val_loss 1.3579 | val_acc 69.5% | time 6.2s

  Best val accuracy : 69.5% at epoch 15
  Final loss gap    : 0.2186 (healthy)
  Plot      → ../results/hn_experiments/v1/hn_k_3/training_curves_hn_k=3.png

  Model     → ../models/hn_experiments/v1/hn_k_3/model.pt
  Tokenizer → ../models/hn_experiments/v1/hn_k_3/tokenizer.json
  Config    → ../models/hn_experiments/v1/hn_k_3/config.json

=================================================================
  HN EXPERIMENT: hn_k=5  (top_k=5)
=================================================================
  Device: cpu
Loading e-commerce intent dataset...
  Trying HuggingFace Hub...
  Source  : HuggingFace Hub (clinc/clinc_oos)
  Intents : 150
  Train   : 7,500 queries
  Val     : 3,000 queries
  Test    : 4,500 queries

  Adjusting batch size: 20 → 150 (= n_intents)

Building tokenizer...
  Vocab size: 3689

Building model...
  Parameters: 872,576

  Pairs/epoch   : 3,750  (dynamic — re-shuffled each epoch)
  Batches/epoch : 25

Training for 15 epochs...
  Hard negatives: top_k=5, start_epoch=4, refresh_every=3
  Epoch | train_loss | train_acc | val_loss | val_acc |   time
  ─────────────────────────────────────────────────────────────────
  Created 3,750 training pairs across 150 intents
  Epoch 01 | train_loss 5.0575 | train_acc 2.3% | val_loss 4.6351 | val_acc 14.8% | time 2.4s
  Epoch 02 | train_loss 4.7282 | train_acc 5.0% | val_loss 3.9851 | val_acc 20.1% | time 2.4s
  Epoch 03 | train_loss 4.0292 | train_acc 13.1% | val_loss 3.0793 | val_acc 33.7% | time 2.3s
  [HN] Mining hard negatives (top_k=5)...
  Epoch 04 | train_loss 3.5217 | train_acc 24.0% | val_loss 2.4785 | val_acc 45.1% | time 9.2s
  Epoch 05 | train_loss 2.9832 | train_acc 35.8% | val_loss 2.0865 | val_acc 51.5% | time 9.0s
  Epoch 06 | train_loss 2.4681 | train_acc 46.0% | val_loss 1.8090 | val_acc 56.7% | time 8.9s
  [HN] Mining hard negatives (top_k=5)...
  Epoch 07 | train_loss 2.3653 | train_acc 53.3% | val_loss 1.6653 | val_acc 60.1% | time 8.7s
  Epoch 08 | train_loss 2.0870 | train_acc 59.6% | val_loss 1.5903 | val_acc 63.3% | time 8.7s
  Epoch 09 | train_loss 1.8492 | train_acc 65.0% | val_loss 1.5074 | val_acc 65.0% | time 9.0s
  [HN] Mining hard negatives (top_k=5)...
  Epoch 10 | train_loss 1.7297 | train_acc 68.7% | val_loss 1.4405 | val_acc 66.2% | time 9.5s
  Epoch 11 | train_loss 1.5854 | train_acc 72.0% | val_loss 1.3977 | val_acc 67.7% | time 9.3s
  Epoch 12 | train_loss 1.4249 | train_acc 74.4% | val_loss 1.3926 | val_acc 68.8% | time 9.0s
  [HN] Mining hard negatives (top_k=5)...
  Epoch 13 | train_loss 1.3932 | train_acc 75.8% | val_loss 1.3870 | val_acc 69.7% | time 9.1s
  Epoch 14 | train_loss 1.3126 | train_acc 78.2% | val_loss 1.3778 | val_acc 70.5% | time 9.2s
  Epoch 15 | train_loss 1.2335 | train_acc 80.2% | val_loss 1.3749 | val_acc 70.3% | time 9.2s

  Best val accuracy : 70.5% at epoch 14
  Final loss gap    : 0.1414 (healthy)
  Plot      → ../results/hn_experiments/v1/hn_k_5/training_curves_hn_k=5.png

  Model     → ../models/hn_experiments/v1/hn_k_5/model.pt
  Tokenizer → ../models/hn_experiments/v1/hn_k_5/tokenizer.json
  Config    → ../models/hn_experiments/v1/hn_k_5/config.json
  HN comparison plot → ../results/hn_experiments/v1/hn_comparison.png

=================================================================
  HN EXPERIMENT SUMMARY  [v1]
=================================================================
  Config       | Best Val Acc | Best Epoch | Final Val Loss
  ───────────────────────────────────────────────────────
  no_hn        |        69.6% |         15 |         1.3871
  hn_k=1       |        69.8% |         15 |         1.3675
  hn_k=3       |        69.5% |         15 |         1.3579
  hn_k=5       |        70.5% |         14 |         1.3749

  Summary → ../results/hn_experiments/v1/hn_summary.json
